(base) annanmetiki@Annans-MBP ~ % cd Documents                             
(base) annanmetiki@Annans-MBP Documents % mkdir AMMI-git        
(base) annanmetiki@Annans-MBP Documents % cd AMMI-git        
(base) annanmetiki@Annans-MBP AMMI-git % mkdir ANNAN        
(base) annanmetiki@Annans-MBP AMMI-git % cd ..                 
(base) annanmetiki@Annans-MBP Documents % mkdir AMMI-first      
(base) annanmetiki@Annans-MBP Documents % mv AMMI-first AMMI-git
(base) annanmetiki@Annans-MBP Documents % cd AMMI-git           
(base) annanmetiki@Annans-MBP AMMI-git % ls                    
AMMI-first	ANNAN
(base) annanmetiki@Annans-MBP AMMI-git % touch identity.txt    
(base) annanmetiki@Annans-MBP AMMI-git % nano identity.txt
(base) annanmetiki@Annans-MBP AMMI-git % git init         
Initialized empty Git repository in /Users/annanmetiki/Documents/AMMI-git/.git/
(base) annanmetiki@Annans-MBP AMMI-git % git status
On branch master

No commits yet

Untracked files:
  (use "git add <file>..." to include in what will be committed)
	identity.txt

nothing added to commit but untracked files present (use "git add" to track)
(base) annanmetiki@Annans-MBP AMMI-git % git config --global user.name Annanmetiki
(base) annanmetiki@Annans-MBP AMMI-git % git config --global user.email fmetiki@aimsammi.org
(base) annanmetiki@Annans-MBP AMMI-git % git add .
(base) annanmetiki@Annans-MBP AMMI-git % git status
On branch master

No commits yet

Changes to be committed:
  (use "git rm --cached <file>..." to unstage)
	new file:   identity.txt

(base) annanmetiki@Annans-MBP AMMI-git % git commit -m "my first commit"
[master (root-commit) e0aa57e] my first commit
 1 file changed, 4 insertions(+)
 create mode 100644 identity.txt
(base) annanmetiki@Annans-MBP AMMI-git % git remote add origin https://github.com/Annanmetiki/Git-assignment.git
(base) annanmetiki@Annans-MBP AMMI-git % git remote -v
origin	https://github.com/Annanmetiki/Git-assignment.git (fetch)
origin	https://github.com/Annanmetiki/Git-assignment.git (push)
(base) annanmetiki@Annans-MBP AMMI-git % git push -u origin master
Enumerating objects: 3, done.
Counting objects: 100% (3/3), done.
Delta compression using up to 10 threads
Compressing objects: 100% (2/2), done.
Writing objects: 100% (3/3), 321 bytes | 321.00 KiB/s, done.
Total 3 (delta 0), reused 0 (delta 0)
remote: 
remote: Create a pull request for 'master' on GitHub by visiting:
remote:      https://github.com/Annanmetiki/Git-assignment/pull/new/master
remote: 
To https://github.com/Annanmetiki/Git-assignment.git
 * [new branch]      master -> master
Branch 'master' set up to track remote branch 'master' from 'origin'.
(base) annanmetiki@Annans-MBP AMMI-git % git add .
(base) annanmetiki@Annans-MBP AMMI-git % git status
On branch master
Your branch is up to date with 'origin/master'.

nothing to commit, working tree clean
(base) annanmetiki@Annans-MBP AMMI-git % git commit -m "second commit"
On branch master
Your branch is up to date with 'origin/master'.

nothing to commit, working tree clean
(base) annanmetiki@Annans-MBP AMMI-git % git push -u origin master
Branch 'master' set up to track remote branch 'master' from 'origin'.
Everything up-to-date
(base) annanmetiki@Annans-MBP AMMI-git % 

